property0|property1|property2|net_sales
$total|$total|$total|1600
foo|$total|$total|1100
foo|sauce|$total|800
foo|sauce|tyri|500
foo|sauce|scoue|300
foo|bacon|$total|300
foo|bacon|hji|200
foo|bacon|cre|100
bar|$total|$total|500
bar|bro|$total|600
bar|bro|nbnu|400
bar|bro|jok|200
bar|sup|$total|-100
bar|sup|vbhi|300
bar|sup|tre|-400